// Jest Snapshot v1, https://goo.gl/fbAQLP

exports[`Navigation should render two navigation links in a list 1`] = `
<div
  className="sc-bdVaJa ljTGkq"
>
  <ul
    className="MuiList-root-1 MuiList-padding-2 sc-htpNat gByEcQ"
  >
    <li
      className="MuiListItem-root-5 MuiListItem-default-8 MuiListItem-gutters-12 sc-bxivhb WRdkv"
      disabled={false}
    >
      <div
        className="MuiListItemText-root-16"
      >
        <span
          className="MuiTypography-root-22 MuiTypography-subheading-29 MuiListItemText-primary-19"
        >
          <a
            aria-current={null}
            className="sc-bwzfXH buioaA"
            href="/test1"
            onClick={[Function]}
          >
            test1
          </a>
        </span>
      </div>
    </li>
    <li
      className="MuiListItem-root-5 MuiListItem-default-8 MuiListItem-gutters-12 sc-bxivhb WRdkv"
      disabled={false}
    >
      <div
        className="MuiListItemText-root-16"
      >
        <span
          className="MuiTypography-root-22 MuiTypography-subheading-29 MuiListItemText-primary-19"
        >
          <a
            aria-current={null}
            className="sc-bwzfXH buioaA"
            href="/test2"
            onClick={[Function]}
          >
            test2
          </a>
        </span>
      </div>
    </li>
  </ul>
</div>
`;
